// Jest Snapshot v1, https://goo.gl/fbAQLP

exports[`<CardList /> should match snapshot 1`] = `
<ul
  className="crazy-card-cards-list"
>
  <CardItem
    apr={18.9}
    btod={0}
    className="crazy-card-cards-list__item"
    creditAvailable={1200}
    id="student"
    key="student"
    name="Student Life"
    pod={6}
  />
  <CardItem
    apr={33.9}
    btod={0}
    className="crazy-card-cards-list__item"
    creditAvailable={300}
    id="anywhere"
    key="anywhere"
    name="Anywhere Card"
    pod={0}
  />
  <CardItem
    apr={33.9}
    btod={0}
    className="crazy-card-cards-list__item"
    creditAvailable={1500}
    id="liquid"
    key="liquid"
    name="Liquid Card"
    pod={0}
  />
  <CardItem
    apr={29.9}
    btod={0}
    className="crazy-card-cards-list__item"
    creditAvailable={400}
    id="unknown"
    key="unknown"
    name="Other Card"
    pod={0}
  />
</ul>
`;
